1.4866 	WARNING 	Requested audio device 'LG HDR QHD' that is not available on this hardware. The 'audioDevice' preference should be one of ['ZoomAudioDevice', 'Динамики MacBook Air']
11.9842 	WARNING 	Font Manager failed to load file /System/Library/PrivateFrameworks/FontServices.framework/Resources/Reserved/PingFangUI.ttc
12.0662 	WARNING 	Font Manager failed to load file /System/Library/PrivateFrameworks/FontServices.framework/Resources/Reserved/PingFangUI.ttc
15.1620 	INFO 	Loaded monitor calibration from ['2025_10_28 18:09']
15.2751 	INFO 	Using renderer 'Apple M4' for graphics
15.2751 	INFO 	OpenGL version supported by driver is 2..
15.2966 	EXP 	Created window1 = Window(allowGUI=True, allowStencil=True, autoLog=True, backendConf=UNKNOWN, backgroundFit=<method-wrapper '__getattribute__' of attributeSetter object at 0x15760c400>, backgroundImage=<method-wrapper '__getattribute__' of attributeSetter object at 0x15760c3a0>, bitsMode=UNKNOWN, blendMode='avg', bpc=(8, 8, 8), color=array([-0.2314, -0.2314, -0.2314]), colorSpace='rgb', depthBits=8, fullscr=True, gamma=None, gammaErrorPolicy='raise', infoMsg=UNKNOWN, lms=UNKNOWN, monitor=<psychopy.monitors.calibTools.Monitor object at 0x1576ea770>, multiSample=False, name='window1', numSamples=2, pos=[np.float64(0.0), np.float64(0.0)], screen=0, size=array([3420, 2214]), stencilBits=8, stereo=False, title='PsychoPy', units='height', useFBO=True, useRetina=True, viewOri=0.0, viewPos=None, viewScale=None, waitBlanking=True, winType='pyglet')
15.2966 	EXP 	window1: backgroundImage = ''
15.2966 	EXP 	window1: backgroundFit = 'none'
15.5684 	EXP 	window1: Attempting to measure frame rate of screen (0) ...
15.5685 	EXP 	window1: recordFrameIntervals = False
15.7457 	EXP 	window1: recordFrameIntervals = True
15.9805 	EXP 	Screen (0) actual frame rate measured at 119.42Hz
15.9806 	EXP 	window1: recordFrameIntervals = False
16.9839 	INFO 	keyboard.Keyboard is using ptb backend.
17.1501 	INFO 	keyboard.Keyboard is using ptb backend.
17.3149 	INFO 	keyboard.Keyboard is using ptb backend.
17.4792 	INFO 	keyboard.Keyboard is using ptb backend.
17.6438 	INFO 	keyboard.Keyboard is using ptb backend.
17.8073 	INFO 	keyboard.Keyboard is using ptb backend.
17.8073 	EXP 	magic_vkr: status = STARTED
17.8367 	EXP 	Created welcome_text = TextStim(__class__=<class 'psychopy.visual.text.TextStim'>, alignHoriz=method-wrapper(...), alignText='center', alignVert=method-wrapper(...), anchorHoriz='center', anchorVert='center', antialias=True, autoDraw=False, autoLog=True, bold=False, color=array([1., 1., 1.]), colorSpace='rgb', contrast=1.0, depth=0.0, draggable=False, flipHoriz=False, flipVert=False, font='Arial', fontFiles=[], height=np.float64(0.035), italic=False, languageStyle='LTR', name='welcome_text', opacity=1, ori=0.0, pos=array([0., 0.]), rgb=UNKNOWN, text=str(...), units='height', win=Window(...), wrapWidth=1.4)
17.8406 	EXP 	Created debug_text = TextStim(__class__=<class 'psychopy.visual.text.TextStim'>, alignHoriz=method-wrapper(...), alignText='center', alignVert=method-wrapper(...), anchorHoriz='center', anchorVert='center', antialias=True, autoDraw=False, autoLog=True, bold=False, color=array([1., 1., 1.]), colorSpace='rgb', contrast=1.0, depth=0.0, draggable=False, flipHoriz=False, flipVert=False, font='Arial', fontFiles=[], height=np.float64(0.04), italic=False, languageStyle='LTR', name='debug_text', opacity=1, ori=0.0, pos=array([0. , 0.3]), rgb=UNKNOWN, text='Отладка. Выберите группу для прохождения.', units='height', win=Window(...), wrapWidth=1.4)
17.8473 	EXP 	Created debug_hint = TextStim(__class__=<class 'psychopy.visual.text.TextStim'>, alignHoriz=method-wrapper(...), alignText='center', alignVert=method-wrapper(...), anchorHoriz='center', anchorVert='center', antialias=True, autoDraw=False, autoLog=True, bold=False, color=array([1., 1., 1.]), colorSpace='rgb', contrast=1.0, depth=-1.0, draggable=False, flipHoriz=False, flipVert=False, font='Arial', fontFiles=[], height=np.float64(0.028), italic=False, languageStyle='LTR', name='debug_hint', opacity=1, ori=0.0, pos=array([0.  , 0.17]), rgb=UNKNOWN, text=str(...), units='height', win=Window(...), wrapWidth=1.4)
17.8920 	EXP 	Created setup_blank = TextStim(__class__=<class 'psychopy.visual.text.TextStim'>, alignHoriz=method-wrapper(...), alignText='center', alignVert=method-wrapper(...), anchorHoriz='center', anchorVert='center', antialias=True, autoDraw=False, autoLog=True, bold=False, color=array([1., 1., 1.]), colorSpace='rgb', contrast=1.0, depth=0.0, draggable=False, flipHoriz=False, flipVert=False, font='Arial', fontFiles=[], height=np.float64(0.035), italic=False, languageStyle='LTR', name='setup_blank', opacity=1, ori=0.0, pos=array([0., 0.]), rgb=UNKNOWN, text='', units='height', win=Window(...), wrapWidth=1.4)
17.9355 	EXP 	Created tob_text_before = TextStim(__class__=<class 'psychopy.visual.text.TextStim'>, alignHoriz=method-wrapper(...), alignText='center', alignVert=method-wrapper(...), anchorHoriz='center', anchorVert='center', antialias=True, autoDraw=False, autoLog=True, bold=False, color=array([1., 1., 1.]), colorSpace='rgb', contrast=1.0, depth=0.0, draggable=False, flipHoriz=False, flipVert=False, font='Arial', fontFiles=[], height=0.04, italic=False, languageStyle='LTR', name='tob_text_before', opacity=1, ori=0.0, pos=array([0. , 0.2]), rgb=UNKNOWN, text='', units='height', win=Window(...), wrapWidth=1.3)
18.0253 	EXP 	Created tob_slider_before = Slider(__class__=<class 'psychopy.visual.slider.Slider'>, autoDraw=False, autoLog=True, borderColor=None, color=None, colorSpace='rgb', depth=-1, fillColor=None, flip=False, font='Arial', granularity=1.0, labelColor=None, labelHeight=np.float64(0.025), labelWrapWidth=None, labels=list(...), lineColor=None, markerColor=None, name='tob_slider_before', opacity=None, ori=0.0, pos=array([ 0.  , -0.12]), readOnly=True, self=UNKNOWN, size=array([1.3 , 0.06]), startValue=None, style='rating', styleTweaks=[], ticks=array([1, 2, 3, 4, 5, 6, 7]), units='height', win=Window(...))
18.0310 	EXP 	Created tob_hint_before = TextStim(__class__=<class 'psychopy.visual.text.TextStim'>, alignHoriz=method-wrapper(...), alignText='center', alignVert=method-wrapper(...), anchorHoriz='center', anchorVert='center', antialias=True, autoDraw=False, autoLog=True, bold=False, color=array([0.65490196, 0.65490196, 0.65490196]), colorSpace='rgb', contrast=1.0, depth=-2.0, draggable=False, flipHoriz=False, flipVert=False, font='Arial', fontFiles=[], height=np.float64(0.026), italic=False, languageStyle='LTR', name='tob_hint_before', opacity=1, ori=0.0, pos=array([ 0. , -0.4]), rgb=UNKNOWN, text=str(...), units='height', win=Window(...), wrapWidth=1.4)
18.0314 	EXP 	Created choice_instr_text = TextStim(__class__=<class 'psychopy.visual.text.TextStim'>, alignHoriz=method-wrapper(...), alignText='center', alignVert=method-wrapper(...), anchorHoriz='center', anchorVert='center', antialias=True, autoDraw=False, autoLog=True, bold=False, color=array([1., 1., 1.]), colorSpace='rgb', contrast=1.0, depth=-1.0, draggable=False, flipHoriz=False, flipVert=False, font='Arial', fontFiles=[], height=0.036, italic=False, languageStyle='LTR', name='choice_instr_text', opacity=1, ori=0.0, pos=array([0.  , 0.05]), rgb=UNKNOWN, text='', units='height', win=Window(...), wrapWidth=1.3)
18.0343 	EXP 	Created choice_head = TextStim(__class__=<class 'psychopy.visual.text.TextStim'>, alignHoriz=method-wrapper(...), alignText='center', alignVert=method-wrapper(...), anchorHoriz='center', anchorVert='center', antialias=True, autoDraw=False, autoLog=True, bold=False, color=array([1., 1., 1.]), colorSpace='rgb', contrast=1.0, depth=-1.0, draggable=False, flipHoriz=False, flipVert=False, font='Arial', fontFiles=[], height=np.float64(0.045), italic=False, languageStyle='LTR', name='choice_head', opacity=1, ori=0.0, pos=array([0.  , 0.25]), rgb=UNKNOWN, text='Ваш выбор', units='height', win=Window(...), wrapWidth=1.4)
18.0600 	EXP 	Created choice_keys = TextStim(__class__=<class 'psychopy.visual.text.TextStim'>, alignHoriz=method-wrapper(...), alignText='center', alignVert=method-wrapper(...), anchorHoriz='center', anchorVert='center', antialias=True, autoDraw=False, autoLog=True, bold=False, color=array([0.65490196, 0.65490196, 0.65490196]), colorSpace='rgb', contrast=1.0, depth=-4.0, draggable=False, flipHoriz=False, flipVert=False, font='Arial', fontFiles=[], height=np.float64(0.028), italic=False, languageStyle='LTR', name='choice_keys', opacity=1, ori=0.0, pos=array([ 0.  , -0.12]), rgb=UNKNOWN, text=str(...), units='height', win=Window(...), wrapWidth=1.4)
18.0651 	EXP 	Created choice_hint = TextStim(__class__=<class 'psychopy.visual.text.TextStim'>, alignHoriz=method-wrapper(...), alignText='center', alignVert=method-wrapper(...), anchorHoriz='center', anchorVert='center', antialias=True, autoDraw=False, autoLog=True, bold=False, color=array([0.65490196, 0.65490196, 0.65490196]), colorSpace='rgb', contrast=1.0, depth=-5.0, draggable=False, flipHoriz=False, flipVert=False, font='Arial', fontFiles=[], height=np.float64(0.028), italic=False, languageStyle='LTR', name='choice_hint', opacity=1, ori=0.0, pos=array([ 0. , -0.3]), rgb=UNKNOWN, text=str(...), units='height', win=Window(...), wrapWidth=1.4)
18.0738 	EXP 	Created effort_text = TextStim(__class__=<class 'psychopy.visual.text.TextStim'>, alignHoriz=method-wrapper(...), alignText='center', alignVert=method-wrapper(...), anchorHoriz='center', anchorVert='center', antialias=True, autoDraw=False, autoLog=True, bold=False, color=array([1., 1., 1.]), colorSpace='rgb', contrast=1.0, depth=0.0, draggable=False, flipHoriz=False, flipVert=False, font='Arial', fontFiles=[], height=np.float64(0.032), italic=False, languageStyle='LTR', name='effort_text', opacity=1, ori=0.0, pos=array([0. , 0.3]), rgb=UNKNOWN, text=str(...), units='height', win=Window(...), wrapWidth=1.3)
18.1073 	EXP 	Created rating_text = TextStim(__class__=<class 'psychopy.visual.text.TextStim'>, alignHoriz=method-wrapper(...), alignText='center', alignVert=method-wrapper(...), anchorHoriz='center', anchorVert='center', antialias=True, autoDraw=False, autoLog=True, bold=False, color=array([1., 1., 1.]), colorSpace='rgb', contrast=1.0, depth=0.0, draggable=False, flipHoriz=False, flipVert=False, font='Arial', fontFiles=[], height=np.float64(0.035), italic=False, languageStyle='LTR', name='rating_text', opacity=1, ori=0.0, pos=array([0.  , 0.38]), rgb=UNKNOWN, text=str(...), units='height', win=Window(...), wrapWidth=1.3)
18.1110 	EXP 	Created lbl_imp = TextStim(__class__=<class 'psychopy.visual.text.TextStim'>, alignHoriz=method-wrapper(...), alignText='center', alignVert=method-wrapper(...), anchorHoriz='center', anchorVert='center', antialias=True, autoDraw=False, autoLog=True, bold=False, color=array([1., 1., 1.]), colorSpace='rgb', contrast=1.0, depth=-1.0, draggable=False, flipHoriz=False, flipVert=False, font='Arial', fontFiles=[], height=np.float64(0.030000000000000002), italic=False, languageStyle='LTR', name='lbl_imp', opacity=1, ori=0.0, pos=array([0.  , 0.22]), rgb=UNKNOWN, text='Насколько это событие для вас важно?', units='height', win=Window(...), wrapWidth=1.4)
18.1331 	EXP 	Created importance = Slider(__class__=<class 'psychopy.visual.slider.Slider'>, autoDraw=False, autoLog=True, borderColor=None, color=None, colorSpace='rgb', depth=-2, fillColor=None, flip=False, font='Arial', granularity=1.0, labelColor=None, labelHeight=np.float64(0.025), labelWrapWidth=None, labels=['совсем не важно', 'крайне важно'], lineColor=None, markerColor=None, name='importance', opacity=None, ori=0.0, pos=array([0. , 0.1]), readOnly=False, self=UNKNOWN, size=array([1.  , 0.05]), startValue=50, style='slider', styleTweaks=[], ticks=array([  0, 100]), units='height', win=Window(...))
18.1353 	EXP 	Created lbl_ctrl = TextStim(__class__=<class 'psychopy.visual.text.TextStim'>, alignHoriz=method-wrapper(...), alignText='center', alignVert=method-wrapper(...), anchorHoriz='center', anchorVert='center', antialias=True, autoDraw=False, autoLog=True, bold=False, color=array([1., 1., 1.]), colorSpace='rgb', contrast=1.0, depth=-3.0, draggable=False, flipHoriz=False, flipVert=False, font='Arial', fontFiles=[], height=np.float64(0.030000000000000002), italic=False, languageStyle='LTR', name='lbl_ctrl', opacity=1, ori=0.0, pos=array([ 0.  , -0.08]), rgb=UNKNOWN, text='Насколько его исход зависит от вас самих?', units='height', win=Window(...), wrapWidth=1.4)
18.1567 	EXP 	Created control = Slider(__class__=<class 'psychopy.visual.slider.Slider'>, autoDraw=False, autoLog=True, borderColor=None, color=None, colorSpace='rgb', depth=-4, fillColor=None, flip=False, font='Arial', granularity=1.0, labelColor=None, labelHeight=np.float64(0.025), labelWrapWidth=None, labels=['совсем не зависит', 'полностью зависит'], lineColor=None, markerColor=None, name='control', opacity=None, ori=0.0, pos=array([ 0. , -0.2]), readOnly=False, self=UNKNOWN, size=array([1.  , 0.05]), startValue=50, style='slider', styleTweaks=[], ticks=array([  0, 100]), units='height', win=Window(...))
18.1679 	EXP 	Created tob_text_after = TextStim(__class__=<class 'psychopy.visual.text.TextStim'>, alignHoriz=method-wrapper(...), alignText='center', alignVert=method-wrapper(...), anchorHoriz='center', anchorVert='center', antialias=True, autoDraw=False, autoLog=True, bold=False, color=array([1., 1., 1.]), colorSpace='rgb', contrast=1.0, depth=0.0, draggable=False, flipHoriz=False, flipVert=False, font='Arial', fontFiles=[], height=0.04, italic=False, languageStyle='LTR', name='tob_text_after', opacity=1, ori=0.0, pos=array([0. , 0.2]), rgb=UNKNOWN, text='', units='height', win=Window(...), wrapWidth=1.3)
18.2152 	EXP 	Created tob_slider_after = Slider(__class__=<class 'psychopy.visual.slider.Slider'>, autoDraw=False, autoLog=True, borderColor=None, color=None, colorSpace='rgb', depth=-1, fillColor=None, flip=False, font='Arial', granularity=1.0, labelColor=None, labelHeight=np.float64(0.025), labelWrapWidth=None, labels=list(...), lineColor=None, markerColor=None, name='tob_slider_after', opacity=None, ori=0.0, pos=array([ 0.  , -0.12]), readOnly=True, self=UNKNOWN, size=array([1.3 , 0.06]), startValue=None, style='rating', styleTweaks=[], ticks=array([1, 2, 3, 4, 5, 6, 7]), units='height', win=Window(...))
18.2205 	EXP 	Created tob_hint_after = TextStim(__class__=<class 'psychopy.visual.text.TextStim'>, alignHoriz=method-wrapper(...), alignText='center', alignVert=method-wrapper(...), anchorHoriz='center', anchorVert='center', antialias=True, autoDraw=False, autoLog=True, bold=False, color=array([0.65490196, 0.65490196, 0.65490196]), colorSpace='rgb', contrast=1.0, depth=-2.0, draggable=False, flipHoriz=False, flipVert=False, font='Arial', fontFiles=[], height=np.float64(0.026), italic=False, languageStyle='LTR', name='tob_hint_after', opacity=1, ori=0.0, pos=array([ 0. , -0.4]), rgb=UNKNOWN, text=str(...), units='height', win=Window(...), wrapWidth=1.4)
18.2277 	EXP 	Created susp_text = TextStim(__class__=<class 'psychopy.visual.text.TextStim'>, alignHoriz=method-wrapper(...), alignText='center', alignVert=method-wrapper(...), anchorHoriz='center', anchorVert='center', antialias=True, autoDraw=False, autoLog=True, bold=False, color=array([1., 1., 1.]), colorSpace='rgb', contrast=1.0, depth=0.0, draggable=False, flipHoriz=False, flipVert=False, font='Arial', fontFiles=[], height=np.float64(0.032), italic=False, languageStyle='LTR', name='susp_text', opacity=1, ori=0.0, pos=array([0. , 0.3]), rgb=UNKNOWN, text=str(...), units='height', win=Window(...), wrapWidth=1.3)
18.2534 	EXP 	Created row_text = TextStim(__class__=<class 'psychopy.visual.text.TextStim'>, alignHoriz=method-wrapper(...), alignText='center', alignVert=method-wrapper(...), anchorHoriz='center', anchorVert='center', antialias=True, autoDraw=False, autoLog=True, bold=False, color=array([1., 1., 1.]), colorSpace='rgb', contrast=1.0, depth=0.0, draggable=False, flipHoriz=False, flipVert=False, font='Arial', fontFiles=[], height=np.float64(0.032), italic=False, languageStyle='LTR', name='row_text', opacity=1, ori=0.0, pos=array([0.  , 0.25]), rgb=UNKNOWN, text=str(...), units='height', win=Window(...), wrapWidth=1.3)
18.2758 	EXP 	Created thanks_text = TextStim(__class__=<class 'psychopy.visual.text.TextStim'>, alignHoriz=method-wrapper(...), alignText='center', alignVert=method-wrapper(...), anchorHoriz='center', anchorVert='center', antialias=True, autoDraw=False, autoLog=True, bold=False, color=array([1., 1., 1.]), colorSpace='rgb', contrast=1.0, depth=-1.0, draggable=False, flipHoriz=False, flipVert=False, font='Arial', fontFiles=[], height=np.float64(0.035), italic=False, languageStyle='LTR', name='thanks_text', opacity=1, ori=0.0, pos=array([0., 0.]), rgb=UNKNOWN, text=str(...), units='height', win=Window(...), wrapWidth=1.4)
0.0117 	EXP 	tob_instr_text_before: autoLog = True
0.0117 	EXP 	tob_slider_before: autoLog = True
0.0117 	EXP 	tob_slider_before: styleTweaks = []
0.0117 	EXP 	tob_slider_before: styleTweaks = []
0.0117 	EXP 	tob_slider_before: styleTweaks = []
0.0117 	EXP 	tob_slider_before: styleTweaks = []
0.0117 	EXP 	tob_slider_before: contrast = 1.0
0.0117 	EXP 	tob_slider_before: markerPos = None
0.0117 	EXP 	tob_slider_before: autoLog = True
0.0117 	EXP 	effort_box: autoLog = True
0.0117 	EXP 	importance: autoLog = True
0.0117 	EXP 	importance: styleTweaks = []
0.0117 	EXP 	importance: styleTweaks = []
0.0117 	EXP 	importance: styleTweaks = []
0.0117 	EXP 	importance: styleTweaks = []
0.0117 	EXP 	importance: contrast = 1.0
0.0117 	EXP 	importance: markerPos = 50
0.0117 	EXP 	importance: autoLog = True
0.0117 	EXP 	control: autoLog = True
0.0117 	EXP 	control: styleTweaks = []
0.0117 	EXP 	control: styleTweaks = []
0.0117 	EXP 	control: styleTweaks = []
0.0117 	EXP 	control: styleTweaks = []
0.0117 	EXP 	control: contrast = 1.0
0.0117 	EXP 	control: markerPos = 50
0.0117 	EXP 	control: autoLog = True
0.0117 	EXP 	tob_instr_text_after: autoLog = True
0.0117 	EXP 	tob_slider_after: autoLog = True
0.0117 	EXP 	tob_slider_after: styleTweaks = []
0.0117 	EXP 	tob_slider_after: styleTweaks = []
0.0117 	EXP 	tob_slider_after: styleTweaks = []
0.0117 	EXP 	tob_slider_after: styleTweaks = []
0.0117 	EXP 	tob_slider_after: contrast = 1.0
0.0117 	EXP 	tob_slider_after: markerPos = None
0.0117 	EXP 	tob_slider_after: autoLog = True
0.0117 	EXP 	susp_box: autoLog = True
0.0117 	EXP 	row_box: autoLog = True
0.0187 	INFO 	Keyboard events cleared
0.0186 	EXP 	welcome_text: autoDraw = True
1.3131 	EXP 	Device response: <KeyPress from None: t=0.5999844160105567, value=space, duration=None>
1.3132 	EXP 	Device response: <KeyPress from None: t=0.5999844160105567, value=space, duration=0.0937060420110356>
1.3157 	DATA 	Keypress: space
1.3227 	EXP 	welcome_text: autoDraw = False
1.3227 	EXP 	setup_blank: autoDraw = True
1.4100 	EXP 	New trial (rep=0, index=0): <Trial 0 (0 in rep 0) data={'thisN': 0, 'thisTrialN': 0, 'thisRepN': 0}>
1.4222 	INFO 	Keyboard events cleared
1.4222 	EXP 	setup_blank: autoDraw = False
1.4222 	EXP 	setup_blank: autoDraw = False
1.4222 	EXP 	tob_instr_text_before: autoDraw = True
1.4307 	DATA 	Mouse: Left button down, pos=(855,403)
1.5133 	DATA 	Mouse:  Left button up, pos=(855,403)
2.8089 	EXP 	Device response: <KeyPress from None: t=2.80634891599766, value=space, duration=None>
2.8198 	EXP 	Imported tobacyk.xlsx as conditions, 26 conditions, 4 params
2.8202 	EXP 	New trial (rep=0, index=0): <Trial 0 (0 in rep 0) data={'item_n': 1, 'text': 'Несмотря на то, что тело может умереть, душа продолжает существовать', 'subscale': 'TRB', 'reverse': 0, 'thisN': 0, 'thisTrialN': 0, 'thisRepN': 0}>
2.8306 	DATA 	Keypress: space
2.8571 	EXP 	tob_instr_text_before: autoDraw = False
2.8571 	EXP 	tob_text_before: height = np.float64(0.04)
2.8571 	EXP 	tob_text_before: height = np.float64(0.04)
2.8571 	EXP 	tob_text_before: height = np.float64(0.04)
2.8571 	EXP 	tob_text_before: text = 'Несмотря на то, что тело может умереть, душа продолжает существовать'
2.8571 	EXP 	tob_slider_before: markerPos = None
2.8571 	EXP 	tob_slider_before: markerPos = None
2.8571 	EXP 	tob_text_before: autoDraw = True
2.8571 	EXP 	tob_slider_before: autoDraw = True
2.8571 	EXP 	tob_hint_before: autoDraw = True
2.9462 	EXP 	Device response: <KeyPress from None: t=2.80634891599766, value=space, duration=0.1322877500206232>
3.7797 	DATA 	Mouse: Left button down, pos=(634,401)
3.8455 	DATA 	Mouse:  Left button up, pos=(634,401)
4.1467 	DATA 	Mouse: Left button down, pos=(620,415)
4.2517 	DATA 	Mouse:  Left button up, pos=(620,415)
4.4886 	DATA 	Mouse: Left button down, pos=(608,423)
4.5885 	DATA 	Mouse:  Left button up, pos=(608,423)
5.0767 	EXP 	Device response: <KeyPress from None: t=5.074282166024204, value=1, duration=None>
5.0851 	DATA 	Keypress: 1
5.1024 	EXP 	tob_slider_before: markerPos = 1
5.1765 	EXP 	Device response: <KeyPress from None: t=5.074282166024204, value=1, duration=0.09629233297891915>
5.5605 	DATA 	Keypress: space
5.5611 	EXP 	Device response: <KeyPress from None: t=5.556259041011799, value=space, duration=None>
5.5613 	EXP 	New trial (rep=0, index=1): <Trial 1 (1 in rep 0) data={'item_n': 2, 'text': 'Некоторые люди способны левитировать (поднимать) объекты силой мысли', 'subscale': 'Psi', 'reverse': 0, 'thisN': 1, 'thisTrialN': 1, 'thisRepN': 0}>
5.5724 	EXP 	tob_slider_before: markerPos = 1
5.5724 	EXP 	tob_text_before: autoDraw = False
5.5724 	EXP 	tob_slider_before: autoDraw = False
5.5724 	EXP 	tob_hint_before: autoDraw = False
5.5724 	EXP 	tob_text_before: height = np.float64(0.04)
5.5724 	EXP 	tob_text_before: height = np.float64(0.04)
5.5724 	EXP 	tob_text_before: height = np.float64(0.04)
5.5724 	EXP 	tob_text_before: text = 'Некоторые люди способны левитировать (поднимать) объекты силой мысли'
5.5724 	EXP 	tob_slider_before: markerPos = None
5.5724 	EXP 	tob_slider_before: markerPos = None
5.5724 	EXP 	tob_text_before: autoDraw = True
5.5724 	EXP 	tob_slider_before: autoDraw = True
5.5724 	EXP 	tob_hint_before: autoDraw = True
5.6852 	EXP 	Device response: <KeyPress from None: t=5.556259041011799, value=space, duration=0.12030229199444875>
6.3462 	DATA 	Keypress: 4
6.3469 	EXP 	Device response: <KeyPress from None: t=6.337253291014349, value=4, duration=None>
6.3554 	EXP 	tob_slider_before: markerPos = 4
6.4354 	EXP 	Device response: <KeyPress from None: t=6.337253291014349, value=4, duration=0.09229470801074058>
6.6601 	EXP 	Device response: <KeyPress from None: t=6.658527040999616, value=space, duration=None>
6.6643 	DATA 	Keypress: space
6.6698 	EXP 	New trial (rep=0, index=2): <Trial 2 (2 in rep 0) data={'item_n': 3, 'text': 'Черная магия реально существует', 'subscale': 'Witch', 'reverse': 0, 'thisN': 2, 'thisTrialN': 2, 'thisRepN': 0}>
6.6800 	EXP 	tob_slider_before: markerPos = 4
6.6800 	EXP 	tob_text_before: autoDraw = False
6.6800 	EXP 	tob_slider_before: autoDraw = False
6.6800 	EXP 	tob_hint_before: autoDraw = False
6.6800 	EXP 	tob_text_before: height = np.float64(0.04)
6.6800 	EXP 	tob_text_before: height = np.float64(0.04)
6.6800 	EXP 	tob_text_before: height = np.float64(0.04)
6.6800 	EXP 	tob_text_before: text = 'Черная магия реально существует'
6.6800 	EXP 	tob_slider_before: markerPos = None
6.6800 	EXP 	tob_slider_before: markerPos = None
6.6800 	EXP 	tob_text_before: autoDraw = True
6.6800 	EXP 	tob_slider_before: autoDraw = True
6.6800 	EXP 	tob_hint_before: autoDraw = True
6.7762 	EXP 	Device response: <KeyPress from None: t=6.658527040999616, value=space, duration=0.11200975000974722>
7.4460 	DATA 	Keypress: 7
7.4466 	EXP 	Device response: <KeyPress from None: t=7.4392132490174845, value=7, duration=None>
7.4553 	EXP 	tob_slider_before: markerPos = 7
7.5267 	EXP 	Device response: <KeyPress from None: t=7.4392132490174845, value=7, duration=0.08431720899534412>
8.2024 	DATA 	Keypress: space
8.2030 	EXP 	Device response: <KeyPress from None: t=8.195192915998632, value=space, duration=None>
8.2032 	EXP 	New trial (rep=0, index=3): <Trial 3 (3 in rep 0) data={'item_n': 4, 'text': 'Черная кошка может принести невезение', 'subscale': 'Super', 'reverse': 0, 'thisN': 3, 'thisTrialN': 3, 'thisRepN': 0}>
8.2130 	EXP 	tob_slider_before: markerPos = 7
8.2130 	EXP 	tob_text_before: autoDraw = False
8.2130 	EXP 	tob_slider_before: autoDraw = False
8.2130 	EXP 	tob_hint_before: autoDraw = False
8.2130 	EXP 	tob_text_before: height = np.float64(0.04)
8.2130 	EXP 	tob_text_before: height = np.float64(0.04)
8.2130 	EXP 	tob_text_before: height = np.float64(0.04)
8.2130 	EXP 	tob_text_before: text = 'Черная кошка может принести невезение'
8.2130 	EXP 	tob_slider_before: markerPos = None
8.2130 	EXP 	tob_slider_before: markerPos = None
8.2130 	EXP 	tob_text_before: autoDraw = True
8.2130 	EXP 	tob_slider_before: autoDraw = True
8.2130 	EXP 	tob_hint_before: autoDraw = True
8.3096 	EXP 	Device response: <KeyPress from None: t=8.195192915998632, value=space, duration=0.11232504202052951>
8.5852 	EXP 	Device response: <KeyPress from None: t=8.584215916023823, value=3, duration=None>
8.5919 	DATA 	Keypress: 3
8.6051 	EXP 	tob_slider_before: markerPos = 3
8.6765 	EXP 	Device response: <KeyPress from None: t=8.584215916023823, value=3, duration=0.08828283299226314>
9.3270 	EXP 	Device response: <KeyPress from None: t=9.324185416015098, value=space, duration=None>
9.3315 	DATA 	Keypress: space
9.3370 	EXP 	New trial (rep=0, index=4): <Trial 4 (4 in rep 0) data={'item_n': 5, 'text': 'Ваше сознание или душа могут покидать Ваше тело и путешествовать (астральная проекция)', 'subscale': 'Spirit', 'reverse': 0, 'thisN': 4, 'thisTrialN': 4, 'thisRepN': 0}>
9.3478 	EXP 	tob_slider_before: markerPos = 3
9.3478 	EXP 	tob_text_before: autoDraw = False
9.3478 	EXP 	tob_slider_before: autoDraw = False
9.3478 	EXP 	tob_hint_before: autoDraw = False
9.3478 	EXP 	tob_text_before: height = np.float64(0.04)
9.3478 	EXP 	tob_text_before: height = np.float64(0.04)
9.3478 	EXP 	tob_text_before: height = np.float64(0.04)
9.3478 	EXP 	tob_text_before: text = 'Ваше сознание или душа могут покидать Ваше тело и путешествовать (астральная проекция)'
9.3478 	EXP 	tob_slider_before: markerPos = None
9.3478 	EXP 	tob_slider_before: markerPos = None
9.3478 	EXP 	tob_text_before: autoDraw = True
9.3478 	EXP 	tob_slider_before: autoDraw = True
9.3478 	EXP 	tob_hint_before: autoDraw = True
9.4269 	EXP 	Device response: <KeyPress from None: t=9.324185416015098, value=space, duration=0.0962893329851795>
9.7446 	DATA 	Keypress: 5
9.7456 	EXP 	Device response: <KeyPress from None: t=9.732167833019048, value=5, duration=None>
9.7561 	EXP 	tob_slider_before: markerPos = 5
9.8232 	EXP 	Device response: <KeyPress from None: t=9.732167833019048, value=5, duration=0.08835366598214023>
10.1366 	EXP 	Device response: <KeyPress from None: t=10.132231999014039, value=space, duration=None>
10.1421 	DATA 	Keypress: space
10.1476 	EXP 	New trial (rep=0, index=5): <Trial 5 (5 in rep 0) data={'item_n': 6, 'text': 'Снежный человек существует', 'subscale': 'ELF', 'reverse': 0, 'thisN': 5, 'thisTrialN': 5, 'thisRepN': 0}>
10.1593 	EXP 	tob_slider_before: markerPos = 5
10.1593 	EXP 	tob_text_before: autoDraw = False
10.1593 	EXP 	tob_slider_before: autoDraw = False
10.1593 	EXP 	tob_hint_before: autoDraw = False
10.1593 	EXP 	tob_text_before: height = np.float64(0.04)
10.1593 	EXP 	tob_text_before: height = np.float64(0.04)
10.1593 	EXP 	tob_text_before: height = np.float64(0.04)
10.1593 	EXP 	tob_text_before: text = 'Снежный человек существует'
10.1593 	EXP 	tob_slider_before: markerPos = None
10.1593 	EXP 	tob_slider_before: markerPos = None
10.1593 	EXP 	tob_text_before: autoDraw = True
10.1593 	EXP 	tob_slider_before: autoDraw = True
10.1593 	EXP 	tob_hint_before: autoDraw = True
10.2471 	EXP 	Device response: <KeyPress from None: t=10.132231999014039, value=space, duration=0.10825258400291204>
10.7464 	DATA 	Keypress: 7
10.7471 	EXP 	Device response: <KeyPress from None: t=10.740083208016586, value=7, duration=None>
10.7560 	EXP 	tob_slider_before: markerPos = 7
10.8363 	EXP 	Device response: <KeyPress from None: t=10.740083208016586, value=7, duration=0.08737762499367818>
11.4797 	DATA 	Keypress: space
11.4804 	EXP 	Device response: <KeyPress from None: t=11.471131666010479, value=space, duration=None>
11.4806 	EXP 	New trial (rep=0, index=6): <Trial 6 (6 in rep 0) data={'item_n': 7, 'text': 'Астрология — это способ точного предсказания будущего', 'subscale': 'Precog', 'reverse': 0, 'thisN': 6, 'thisTrialN': 6, 'thisRepN': 0}>
11.4929 	EXP 	tob_slider_before: markerPos = 7
11.4929 	EXP 	tob_text_before: autoDraw = False
11.4929 	EXP 	tob_slider_before: autoDraw = False
11.4929 	EXP 	tob_hint_before: autoDraw = False
11.4929 	EXP 	tob_text_before: height = np.float64(0.04)
11.4929 	EXP 	tob_text_before: height = np.float64(0.04)
11.4929 	EXP 	tob_text_before: height = np.float64(0.04)
11.4929 	EXP 	tob_text_before: text = 'Астрология — это способ точного предсказания будущего'
11.4929 	EXP 	tob_slider_before: markerPos = None
11.4929 	EXP 	tob_slider_before: markerPos = None
11.4929 	EXP 	tob_text_before: autoDraw = True
11.4929 	EXP 	tob_slider_before: autoDraw = True
11.4929 	EXP 	tob_hint_before: autoDraw = True
11.5770 	EXP 	Device response: <KeyPress from None: t=11.471131666010479, value=space, duration=0.10434329201234505>
12.1892 	DATA 	Keypress: 1
12.1942 	EXP 	Device response: <KeyPress from None: t=12.186071541014826, value=1, duration=None>
12.2028 	EXP 	tob_slider_before: markerPos = 1
12.3186 	EXP 	Device response: <KeyPress from None: t=12.186071541014826, value=1, duration=0.12433887500083074>
12.8185 	EXP 	Device response: <KeyPress from None: t=12.815094124001916, value=space, duration=None>
12.8228 	DATA 	Keypress: space
12.8277 	EXP 	New trial (rep=0, index=7): <Trial 7 (7 in rep 0) data={'item_n': 8, 'text': 'Дьявол существует', 'subscale': 'TRB', 'reverse': 0, 'thisN': 7, 'thisTrialN': 7, 'thisRepN': 0}>
12.8377 	EXP 	tob_slider_before: markerPos = 1
12.8377 	EXP 	tob_text_before: autoDraw = False
12.8377 	EXP 	tob_slider_before: autoDraw = False
12.8377 	EXP 	tob_hint_before: autoDraw = False
12.8377 	EXP 	tob_text_before: height = np.float64(0.04)
12.8377 	EXP 	tob_text_before: height = np.float64(0.04)
12.8377 	EXP 	tob_text_before: height = np.float64(0.04)
12.8377 	EXP 	tob_text_before: text = 'Дьявол существует'
12.8377 	EXP 	tob_slider_before: markerPos = None
12.8377 	EXP 	tob_slider_before: markerPos = None
12.8377 	EXP 	tob_text_before: autoDraw = True
12.8377 	EXP 	tob_slider_before: autoDraw = True
12.8377 	EXP 	tob_hint_before: autoDraw = True
12.9263 	EXP 	Device response: <KeyPress from None: t=12.815094124001916, value=space, duration=0.10430450001149438>
13.1881 	DATA 	Keypress: 2
13.1888 	EXP 	Device response: <KeyPress from None: t=13.179084333009087, value=2, duration=None>
13.1967 	EXP 	tob_slider_before: markerPos = 2
13.2937 	EXP 	Device response: <KeyPress from None: t=13.179084333009087, value=2, duration=0.10830133300623856>
13.5060 	DATA 	Keypress: space
13.5107 	EXP 	Device response: <KeyPress from None: t=13.502086833002977, value=space, duration=None>
13.5109 	EXP 	New trial (rep=0, index=8): <Trial 8 (8 in rep 0) data={'item_n': 9, 'text': 'Психокинез — передвижение объектов силой мысли, действительно существует', 'subscale': 'Psi', 'reverse': 0, 'thisN': 8, 'thisTrialN': 8, 'thisRepN': 0}>
13.5219 	EXP 	tob_slider_before: markerPos = 2
13.5219 	EXP 	tob_text_before: autoDraw = False
13.5219 	EXP 	tob_slider_before: autoDraw = False
13.5219 	EXP 	tob_hint_before: autoDraw = False
13.5219 	EXP 	tob_text_before: height = np.float64(0.04)
13.5219 	EXP 	tob_text_before: height = np.float64(0.04)
13.5219 	EXP 	tob_text_before: height = np.float64(0.04)
13.5219 	EXP 	tob_text_before: text = 'Психокинез — передвижение объектов силой мысли, действительно существует'
13.5219 	EXP 	tob_slider_before: markerPos = None
13.5219 	EXP 	tob_slider_before: markerPos = None
13.5219 	EXP 	tob_text_before: autoDraw = True
13.5219 	EXP 	tob_slider_before: autoDraw = True
13.5219 	EXP 	tob_hint_before: autoDraw = True
13.6185 	EXP 	Device response: <KeyPress from None: t=13.502086833002977, value=space, duration=0.10828912499709986>
13.9858 	DATA 	Keypress: 3
13.9863 	EXP 	Device response: <KeyPress from None: t=13.980060874018818, value=3, duration=None>
13.9944 	EXP 	tob_slider_before: markerPos = 3
14.0935 	EXP 	Device response: <KeyPress from None: t=13.980060874018818, value=3, duration=0.11234849999891594>
14.3766 	EXP 	Device response: <KeyPress from None: t=14.376095124025596, value=space, duration=None>
14.3809 	DATA 	Keypress: space
14.3864 	EXP 	New trial (rep=0, index=9): <Trial 9 (9 in rep 0) data={'item_n': 10, 'text': 'Ведьмы (колдуны) существуют', 'subscale': 'Witch', 'reverse': 0, 'thisN': 9, 'thisTrialN': 9, 'thisRepN': 0}>
14.3958 	EXP 	tob_slider_before: markerPos = 3
14.3958 	EXP 	tob_text_before: autoDraw = False
14.3958 	EXP 	tob_slider_before: autoDraw = False
14.3958 	EXP 	tob_hint_before: autoDraw = False
14.3958 	EXP 	tob_text_before: height = np.float64(0.04)
14.3958 	EXP 	tob_text_before: height = np.float64(0.04)
14.3958 	EXP 	tob_text_before: height = np.float64(0.04)
14.3958 	EXP 	tob_text_before: text = 'Ведьмы (колдуны) существуют'
14.3958 	EXP 	tob_slider_before: markerPos = None
14.3958 	EXP 	tob_slider_before: markerPos = None
14.3958 	EXP 	tob_text_before: autoDraw = True
14.3958 	EXP 	tob_slider_before: autoDraw = True
14.3958 	EXP 	tob_hint_before: autoDraw = True
14.5034 	EXP 	Device response: <KeyPress from None: t=14.376095124025596, value=space, duration=0.1042610419972334>
14.8915 	EXP 	Device response: <KeyPress from None: t=14.888061708013993, value=escape, duration=None>
14.9091 	DATA 	Keypress: escape
15.0045 	EXP 	Device response: <KeyPress from None: t=14.888061708013993, value=escape, duration=0.11233504099072888>
15.0045 	EXP 	magic_vkr: status = STOPPED
15.0102 	EXP 	tob_text_before: autoDraw = False
15.0102 	EXP 	tob_slider_before: autoDraw = False
15.0102 	EXP 	tob_hint_before: autoDraw = False
15.0102 	EXP 	magic_vkr: status = STOPPED
15.0148 	INFO 	saved data to '/Users/arinasevruk/Desktop/Магия/ВКР_эксперимент_PsychoPy/data/magic_vkr_2026-09-15_00h22.47.092.csv'
15.0154 	INFO 	saved data to /Users/arinasevruk/Desktop/Магия/ВКР_эксперимент_PsychoPy/data/magic_vkr_2026-09-15_00h22.47.092.psydat
15.1213 	WARNING 	Stopping key buffers but this could be dangerous ifother keyboards rely on the same.
15.1214 	WARNING 	Stopping key buffers but this could be dangerous ifother keyboards rely on the same.
15.1214 	WARNING 	Stopping key buffers but this could be dangerous ifother keyboards rely on the same.
15.1214 	WARNING 	Stopping key buffers but this could be dangerous ifother keyboards rely on the same.
15.1214 	WARNING 	Stopping key buffers but this could be dangerous ifother keyboards rely on the same.
15.1214 	WARNING 	Stopping key buffers but this could be dangerous ifother keyboards rely on the same.
